// Jest Snapshot v1, https://goo.gl/fbAQLP

exports[`should render Header correctly 1`] = `
<header>
  <h1>
    Expensify
  </h1>
  <NavLink
    activeClassName="is-active"
    ariaCurrent="true"
    to="/dashboard"
  >
    <p>
      Dashboard
    </p>
  </NavLink>
  <NavLink
    activeClassName="is-active"
    ariaCurrent="true"
    to="/create"
  >
    <p>
      Create
    </p>
  </NavLink>
  <button
    onClick={[Function]}
  >
    Logout
  </button>
</header>
`;
